[www.molt.bot/index.html]
[www.molt.bot/favicon.svg]
[www.molt.bot/favicon-32.png]
[www.molt.bot/apple-touch-icon.png]
[backblue.gif]
[fade.gif]
[index.html]
[www.molt.bot/og-image.png]
[www.molt.bot/assets/index.DRlTHQUa.css]
[www.molt.bot/shoutouts]
[www.molt.bot/assets/index.astro_astro_type_script_index_0_lang.CGBw_U9p.js]
[www.molt.bot/integrations]
[www.molt.bot/index.html]
[www.molt.bot/favicon.svg]
[www.molt.bot/assets/index.DRlTHQUa.css]
[www.molt.bot/showcase]
[pbs.twimg.com/profile_images/1199768455681064961/kmaodoqz_400x400.jpg]
[pbs.twimg.com/profile_images/1985316150532608000/veGkW64n_400x400.jpg]
[pbs.twimg.com/profile_images/1909974237617467392/NFY9iiN3_400x400.jpg]
[www.molt.bot/shoutouts]
[www.molt.bot/integrations]
[www.molt.bot/assets/integrations.CogGwGiC.css]
[www.molt.bot/assets/showcase.C967N6Js.css]
[pbs.twimg.com/media/G-MgZdaboAA22M5.jpg]
[pbs.twimg.com/media/G-ytFjdXkAAwIsE.jpg]
[pbs.twimg.com/media/G9-7Aq4XwAE9Bdn.jpg]
[pbs.twimg.com/media/G9-7BYCW8AIGeOH.png]
[pbs.twimg.com/amplify_video_thumb/2012507105635237888/img/91IKHquiK_H4NrP9.jpg]
[pbs.twimg.com/media/G-vvyctbQAEHT0i.jpg]
[pbs.twimg.com/media/G-wpdQVXkAAYFLF.jpg]
[pbs.twimg.com/media/G-X69jdW8AA176s.jpg]
[pbs.twimg.com/media/G-xZeFIWoAAfshE.png]
[pbs.twimg.com/media/G9x8cPQXUAAXjIW.jpg]
[pbs.twimg.com/media/G98LU6EXkAE3pxg.jpg]
[pbs.twimg.com/media/G9_lv--a8AIfG9M.jpg]
[pbs.twimg.com/media/G9_l-jAXwAA75pU.jpg]
[pbs.twimg.com/media/G-Lofq6XYAA7m_l.png]
[pbs.twimg.com/media/G-luvDpWcAAqlx7.jpg]
[pbs.twimg.com/media/G-1156QboAAPG4h.png]
[pbs.twimg.com/media/G-NyJWyaoAE-s-L.jpg]
[pbs.twimg.com/media/G-NyditbIAArwoI.jpg]
[pbs.twimg.com/media/G-Nzm2sasAAvUPm.jpg]
[pbs.twimg.com/media/G-k7DqeXgAAXZ4y.jpg]
[pbs.twimg.com/media/G-k7LHuXEAAYONF.jpg]
[pbs.twimg.com/amplify_video_thumb/2012645996358971392/img/fKYPRLtTqvlJc4x8.jpg]
[pbs.twimg.com/media/G-0Ac6XaQAAE0fz.jpg]
[pbs.twimg.com/media/G-PYj7tasAIExZi.jpg]
[pbs.twimg.com/amplify_video_thumb/2008309786874703874/img/_aQOim-yqPbvGWab.jpg]
[pbs.twimg.com/media/G8m4hPhWkAAioWT.jpg]
[pbs.twimg.com/media/G-tga37XcAAvViX.jpg]
[pbs.twimg.com/media/G-tga4CWIAER-Z-.jpg]
[pbs.twimg.com/media/G-w-mSma4AA8ixi.jpg]
[pbs.twimg.com/amplify_video_thumb/2012058650010140672/img/EW_I0rUcz4mwLJpI.jpg]
[pbs.twimg.com/media/G-eZ-kMacAAdOkM.jpg]
[pbs.twimg.com/media/G-eL-TWbcAEF5WM.jpg]
[pbs.twimg.com/media/G-YV-QXboAEO1op.jpg]
[pbs.twimg.com/media/G-rWnFgbQAEGaox.jpg]
[pbs.twimg.com/media/G-zL4x6bUAAViqc.jpg]
[pbs.twimg.com/media/G-6l4AmWsAALniK.jpg]
[pbs.twimg.com/media/G-_uYy3XoAAeZVB.jpg]
[pbs.twimg.com/media/G_J-F2FXcAAVFM_.jpg]
[pbs.twimg.com/media/G_Hr5YwWkAkIS2_.jpg]
[pbs.twimg.com/media/G_Hr6zAXgAA_Iy_.jpg]
[pbs.twimg.com/media/G_Hr_mAWkAQCqzM.jpg]
[pbs.twimg.com/media/G_GP9HkWEAAXyTO.jpg]
[pbs.twimg.com/media/G_FjTAnXAAEnCBc.jpg]
[pbs.twimg.com/media/G_FjTAmXUAAN4kC.jpg]
[pbs.twimg.com/media/G_D-NpmWIAA9WKF.jpg]
[pbs.twimg.com/media/G_TdraVXEAA9H85.jpg]
[pbs.twimg.com/media/G_VTbQ7bAAMT8t-.jpg]
[pbs.twimg.com/media/G_VTbRkbAAMqUaS.jpg]
[pbs.twimg.com/media/G_VC_k6bAAQNfJ0.jpg]
[pbs.twimg.com/media/G_X_aoQWsAA7mMv.jpg]
[pbs.twimg.com/media/G_OuQtuX0AARjX7.jpg]
[pbs.twimg.com/media/G_UvpWxbAAMmIuW.jpg]
[pbs.twimg.com/media/G_ZLgT1bAAA9biJ.jpg]
[pbs.twimg.com/media/G_XiPstXsAIWtqK.jpg]
[pbs.twimg.com/media/G_XhKuKbAAQ0bV_.jpg]
[www.molt.bot/showcase]
[www.molt.bot/assets/integrations.CogGwGiC.css]
[www.molt.bot/assets/showcase.C967N6Js.css]
[pbs.twimg.com/media/G_AtTRsWIAA9vdL.jpg]
